2025-10-08 19:50:09 0 [Note] Starting MariaDB 10.11.14-MariaDB source revision 053f9bcb5b147bf00edb99e1310bae9125b7f125 server_uid 1X3+PckL8gKCbLXLJSfmY/JEGss= as process 20908
2025-10-08 19:50:09 0 [Note] InnoDB: The first data file './ibdata1' did not exist. A new tablespace will be created!
2025-10-08 19:50:09 0 [Note] InnoDB: Compressed tables use zlib 1.3.1
2025-10-08 19:50:09 0 [Note] InnoDB: Number of transaction pools: 1
2025-10-08 19:50:09 0 [Note] InnoDB: Using crc32 + pclmulqdq instructions
2025-10-08 19:50:09 0 [Note] InnoDB: Using ThreadPool
2025-10-08 19:50:09 0 [Note] InnoDB: innodb_buffer_pool_size_max=24m, innodb_buffer_pool_size=21m
2025-10-08 19:50:09 0 [Note] InnoDB: Completed initialization of buffer pool
2025-10-08 19:50:09 0 [Note] InnoDB: Setting file './ibdata1' size to 12.000MiB. Physically writing the file full; Please wait ...
2025-10-08 19:50:09 0 [Note] InnoDB: File './ibdata1' size is now 12.000MiB.
2025-10-08 19:50:09 0 [Note] InnoDB: File system buffers for log disabled (block size=4096 bytes)
2025-10-08 19:50:09 0 [Note] InnoDB: Doublewrite buffer not found: creating new
2025-10-08 19:50:09 0 [Note] InnoDB: Doublewrite buffer created
2025-10-08 19:50:09 0 [Note] InnoDB: 128 rollback segments are active.
2025-10-08 19:50:09 0 [Note] InnoDB: Setting file './ibtmp1' size to 12.000MiB. Physically writing the file full; Please wait ...
2025-10-08 19:50:09 0 [Note] InnoDB: File './ibtmp1' size is now 12.000MiB.
2025-10-08 19:50:09 0 [Note] InnoDB: log sequence number 0; transaction id 3
2025-10-08 19:50:09 0 [Note] Plugin 'FEEDBACK' is disabled.
2025-10-08 19:50:09 0 [Note] mysqld.exe: SSPI: using principal name 'localhost', mech 'Negotiate'
2025-10-08 19:50:24 0 [Note] Starting MariaDB 10.11.14-MariaDB source revision 053f9bcb5b147bf00edb99e1310bae9125b7f125 server_uid 1X3+PckL8gKCbLXLJSfmY/JEGss= as process 9572
2025-10-08 19:50:24 0 [Note] InnoDB: Compressed tables use zlib 1.3.1
2025-10-08 19:50:24 0 [Note] InnoDB: Number of transaction pools: 1
2025-10-08 19:50:24 0 [Note] InnoDB: Using crc32 + pclmulqdq instructions
2025-10-08 19:50:24 0 [Note] InnoDB: Using ThreadPool
2025-10-08 19:50:24 0 [Note] InnoDB: innodb_buffer_pool_size_max=128m, innodb_buffer_pool_size=128m
2025-10-08 19:50:24 0 [Note] InnoDB: Completed initialization of buffer pool
2025-10-08 19:50:24 0 [Note] InnoDB: File system buffers for log disabled (block size=4096 bytes)
2025-10-08 19:50:24 0 [Note] InnoDB: End of log at LSN=45502
2025-10-08 19:50:24 0 [Note] InnoDB: 128 rollback segments are active.
2025-10-08 19:50:24 0 [Note] InnoDB: Setting file './ibtmp1' size to 12.000MiB. Physically writing the file full; Please wait ...
2025-10-08 19:50:24 0 [Note] InnoDB: File './ibtmp1' size is now 12.000MiB.
2025-10-08 19:50:24 0 [Note] InnoDB: log sequence number 45502; transaction id 14
2025-10-08 19:50:24 0 [Note] InnoDB: Loading buffer pool(s) from C:\Users\admin\Desktop\server-prod\mariadb\data\ib_buffer_pool
2025-10-08 19:50:24 0 [Note] Plugin 'FEEDBACK' is disabled.
2025-10-08 19:50:24 0 [Note] mariadbd.exe: SSPI: using principal name 'localhost', mech 'Negotiate'
2025-10-08 19:50:24 0 [Note] InnoDB: Buffer pool(s) load completed at 251008 19:50:24
2025-10-08 19:50:25 0 [Note] Server socket created on IP: '::', port: '3306'.
2025-10-08 19:50:25 0 [Note] Server socket created on IP: '0.0.0.0', port: '3306'.
2025-10-08 19:50:25 0 [Note] .\mariadb\bin\mariadbd.exe: ready for connections.
Version: '10.11.14-MariaDB'  socket: ''  port: 3306  mariadb.org binary distribution
2025-10-08 19:54:13 0 [Note] console_event_handler: received CTRL_C_EVENT event, shutting down
2025-10-08 19:54:13 0 [Note] .\mariadb\bin\mariadbd.exe (initiated by: unknown): Normal shutdown
2025-10-08 19:54:13 0 [Note] InnoDB: FTS optimize thread exiting.
2025-10-08 19:54:13 0 [Note] InnoDB: Starting shutdown...
2025-10-08 19:54:13 0 [Note] InnoDB: Dumping buffer pool(s) to C:\Users\admin\Desktop\server-prod\mariadb\data\ib_buffer_pool
2025-10-08 19:54:13 0 [Note] InnoDB: Buffer pool(s) dump completed at 251008 19:54:13
2025-10-08 19:54:13 0 [Note] console_event_handler: received CTRL_C_EVENT event, shutting down
2025-10-08 19:54:13 0 [Note] InnoDB: Removed temporary tablespace data file: "./ibtmp1"
2025-10-08 19:54:13 0 [Note] InnoDB: Shutdown completed; log sequence number 424356; transaction id 289
2025-10-08 19:54:13 0 [Note] Event Scheduler: Purging the queue. 1 events
2025-10-08 19:54:13 0 [Note] .\mariadb\bin\mariadbd.exe: Shutdown complete
2025-10-08 20:45:51 0 [Note] Starting MariaDB 10.11.14-MariaDB source revision 053f9bcb5b147bf00edb99e1310bae9125b7f125 server_uid 1X3+PckL8gKCbLXLJSfmY/JEGss= as process 30024
2025-10-08 20:45:51 0 [Note] InnoDB: Compressed tables use zlib 1.3.1
2025-10-08 20:45:51 0 [Note] InnoDB: Number of transaction pools: 1
2025-10-08 20:45:51 0 [Note] InnoDB: Using crc32 + pclmulqdq instructions
2025-10-08 20:45:51 0 [Note] InnoDB: Using ThreadPool
2025-10-08 20:45:51 0 [Note] InnoDB: innodb_buffer_pool_size_max=128m, innodb_buffer_pool_size=128m
2025-10-08 20:45:51 0 [Note] InnoDB: Completed initialization of buffer pool
2025-10-08 20:45:51 0 [Note] InnoDB: File system buffers for log disabled (block size=4096 bytes)
2025-10-08 20:45:51 0 [Note] InnoDB: End of log at LSN=424356
2025-10-08 20:45:51 0 [Note] InnoDB: 128 rollback segments are active.
2025-10-08 20:45:51 0 [Note] InnoDB: Setting file './ibtmp1' size to 12.000MiB. Physically writing the file full; Please wait ...
2025-10-08 20:45:51 0 [Note] InnoDB: File './ibtmp1' size is now 12.000MiB.
2025-10-08 20:45:51 0 [Note] InnoDB: log sequence number 424356; transaction id 290
2025-10-08 20:45:51 0 [Note] InnoDB: Loading buffer pool(s) from C:\Users\admin\Desktop\server-prod\mariadb\data\ib_buffer_pool
2025-10-08 20:45:51 0 [Note] Plugin 'FEEDBACK' is disabled.
2025-10-08 20:45:51 0 [Note] mariadbd.exe: SSPI: using principal name 'localhost', mech 'Negotiate'
2025-10-08 20:45:51 0 [Note] Server socket created on IP: '::', port: '3306'.
2025-10-08 20:45:51 0 [Note] Server socket created on IP: '0.0.0.0', port: '3306'.
2025-10-08 20:45:51 0 [Note] InnoDB: Buffer pool(s) load completed at 251008 20:45:51
2025-10-08 20:45:51 0 [Note] .\mariadb\bin\mariadbd.exe: ready for connections.
Version: '10.11.14-MariaDB'  socket: ''  port: 3306  mariadb.org binary distribution
2025-10-08 20:45:56 3 [Warning] Access denied for user ''@'localhost' (using password: NO)
2025-10-08 20:48:23 4 [Warning] Access denied for user ''@'localhost' (using password: NO)
2025-10-08 20:48:49 5 [Warning] Access denied for user ''@'localhost' (using password: NO)
2025-10-08 20:51:06 7 [Warning] Access denied for user ''@'localhost' (using password: NO)
2025-10-08 20:55:31 0 [Note] console_event_handler: received CTRL_C_EVENT event, shutting down
2025-10-08 20:55:31 0 [Note] .\mariadb\bin\mariadbd.exe (initiated by: unknown): Normal shutdown
2025-10-08 20:55:31 0 [Note] InnoDB: FTS optimize thread exiting.
2025-10-08 20:55:31 0 [Note] InnoDB: Starting shutdown...
2025-10-08 20:55:31 0 [Note] InnoDB: Dumping buffer pool(s) to C:\Users\admin\Desktop\server-prod\mariadb\data\ib_buffer_pool
2025-10-08 20:55:31 0 [Note] InnoDB: Buffer pool(s) dump completed at 251008 20:55:31
2025-10-08 20:55:31 0 [Note] InnoDB: Removed temporary tablespace data file: "./ibtmp1"
2025-10-08 20:55:31 0 [Note] InnoDB: Shutdown completed; log sequence number 441150; transaction id 321
2025-10-08 20:55:31 0 [Note] Event Scheduler: Purging the queue. 1 events
2025-10-08 20:55:31 0 [Note] .\mariadb\bin\mariadbd.exe: Shutdown complete
2025-10-08 20:56:27 0 [Note] Starting MariaDB 10.11.14-MariaDB source revision 053f9bcb5b147bf00edb99e1310bae9125b7f125 server_uid 1X3+PckL8gKCbLXLJSfmY/JEGss= as process 29360
2025-10-08 20:56:27 0 [Note] InnoDB: Compressed tables use zlib 1.3.1
2025-10-08 20:56:27 0 [Note] InnoDB: Number of transaction pools: 1
2025-10-08 20:56:27 0 [Note] InnoDB: Using crc32 + pclmulqdq instructions
2025-10-08 20:56:27 0 [Note] InnoDB: Using ThreadPool
2025-10-08 20:56:27 0 [Note] InnoDB: innodb_buffer_pool_size_max=128m, innodb_buffer_pool_size=128m
2025-10-08 20:56:27 0 [Note] InnoDB: Completed initialization of buffer pool
2025-10-08 20:56:27 0 [Note] InnoDB: File system buffers for log disabled (block size=4096 bytes)
2025-10-08 20:56:27 0 [Note] InnoDB: End of log at LSN=441150
2025-10-08 20:56:27 0 [Note] InnoDB: 128 rollback segments are active.
2025-10-08 20:56:27 0 [Note] InnoDB: Setting file './ibtmp1' size to 12.000MiB. Physically writing the file full; Please wait ...
2025-10-08 20:56:27 0 [Note] InnoDB: File './ibtmp1' size is now 12.000MiB.
2025-10-08 20:56:27 0 [Note] InnoDB: log sequence number 441150; transaction id 322
2025-10-08 20:56:27 0 [Note] InnoDB: Loading buffer pool(s) from C:\Users\admin\Desktop\server-prod\mariadb\data\ib_buffer_pool
2025-10-08 20:56:27 0 [Note] Plugin 'FEEDBACK' is disabled.
2025-10-08 20:56:27 0 [Note] mariadbd.exe: SSPI: using principal name 'localhost', mech 'Negotiate'
2025-10-08 20:56:27 0 [Note] Server socket created on IP: '::', port: '3306'.
2025-10-08 20:56:27 0 [Note] Server socket created on IP: '0.0.0.0', port: '3306'.
2025-10-08 20:56:27 0 [Note] InnoDB: Buffer pool(s) load completed at 251008 20:56:27
2025-10-08 20:56:27 0 [Note] .\mariadb\bin\mariadbd.exe: ready for connections.
Version: '10.11.14-MariaDB'  socket: ''  port: 3306  mariadb.org binary distribution
2025-10-08 20:56:35 3 [Warning] Access denied for user ''@'localhost' (using password: NO)
2025-10-08 21:36:20 4 [Warning] Aborted connection 4 to db: 'psahired' user: 'psakaldb' host: 'localhost' (Got an error reading communication packets)
2025-10-08 21:37:13 5 [Warning] Aborted connection 5 to db: 'psahired' user: 'psakaldb' host: 'localhost' (Got an error reading communication packets)
2025-10-08 21:39:29 0 [Note] console_event_handler: received CTRL_C_EVENT event, shutting down
2025-10-08 21:39:29 0 [Note] .\mariadb\bin\mariadbd.exe (initiated by: unknown): Normal shutdown
2025-10-08 21:39:29 0 [Note] InnoDB: FTS optimize thread exiting.
2025-10-08 21:39:30 0 [Note] InnoDB: Starting shutdown...
2025-10-08 21:39:30 0 [Note] InnoDB: Dumping buffer pool(s) to C:\Users\admin\Desktop\server-prod\mariadb\data\ib_buffer_pool
2025-10-08 21:39:30 0 [Note] InnoDB: Buffer pool(s) dump completed at 251008 21:39:30
2025-10-08 21:39:30 0 [Note] console_event_handler: received CTRL_C_EVENT event, shutting down
2025-10-08 21:39:30 0 [Note] InnoDB: Removed temporary tablespace data file: "./ibtmp1"
2025-10-08 21:39:30 0 [Note] InnoDB: Shutdown completed; log sequence number 441150; transaction id 323
2025-10-08 21:39:30 0 [Note] Event Scheduler: Purging the queue. 1 events
2025-10-08 21:39:30 0 [Note] .\mariadb\bin\mariadbd.exe: Shutdown complete
2025-10-08 21:39:47 0 [Note] Starting MariaDB 10.11.14-MariaDB source revision 053f9bcb5b147bf00edb99e1310bae9125b7f125 server_uid 1X3+PckL8gKCbLXLJSfmY/JEGss= as process 3296
2025-10-08 21:39:47 0 [Note] InnoDB: Compressed tables use zlib 1.3.1
2025-10-08 21:39:47 0 [Note] InnoDB: Number of transaction pools: 1
2025-10-08 21:39:47 0 [Note] InnoDB: Using crc32 + pclmulqdq instructions
2025-10-08 21:39:47 0 [Note] InnoDB: Using ThreadPool
2025-10-08 21:39:47 0 [Note] InnoDB: innodb_buffer_pool_size_max=128m, innodb_buffer_pool_size=128m
2025-10-08 21:39:47 0 [Note] InnoDB: Completed initialization of buffer pool
2025-10-08 21:39:47 0 [Note] InnoDB: File system buffers for log disabled (block size=4096 bytes)
2025-10-08 21:39:47 0 [Note] InnoDB: End of log at LSN=441150
2025-10-08 21:39:47 0 [Note] InnoDB: 128 rollback segments are active.
2025-10-08 21:39:47 0 [Note] InnoDB: Setting file './ibtmp1' size to 12.000MiB. Physically writing the file full; Please wait ...
2025-10-08 21:39:47 0 [Note] InnoDB: File './ibtmp1' size is now 12.000MiB.
2025-10-08 21:39:47 0 [Note] InnoDB: log sequence number 441150; transaction id 322
2025-10-08 21:39:47 0 [Note] InnoDB: Loading buffer pool(s) from C:\Users\admin\Desktop\server-prod\mariadb\data\ib_buffer_pool
2025-10-08 21:39:47 0 [Note] Plugin 'FEEDBACK' is disabled.
2025-10-08 21:39:47 0 [Note] mariadbd.exe: SSPI: using principal name 'localhost', mech 'Negotiate'
2025-10-08 21:39:47 0 [Note] Server socket created on IP: '::', port: '3306'.
2025-10-08 21:39:47 0 [Note] Server socket created on IP: '0.0.0.0', port: '3306'.
2025-10-08 21:39:47 0 [Note] InnoDB: Buffer pool(s) load completed at 251008 21:39:47
2025-10-08 21:39:47 0 [Note] .\mariadb\bin\mariadbd.exe: ready for connections.
Version: '10.11.14-MariaDB'  socket: ''  port: 3306  mariadb.org binary distribution
2025-10-08 21:39:55 3 [Warning] Aborted connection 3 to db: 'psahired' user: 'psakaldb' host: 'localhost' (Got an error reading communication packets)
2025-10-08 21:44:06 0 [Note] console_event_handler: received CTRL_C_EVENT event, shutting down
2025-10-08 21:44:06 0 [Note] .\mariadb\bin\mariadbd.exe (initiated by: unknown): Normal shutdown
2025-10-08 21:44:06 0 [Note] InnoDB: FTS optimize thread exiting.
2025-10-08 21:44:06 0 [Note] InnoDB: Starting shutdown...
2025-10-08 21:44:06 0 [Note] InnoDB: Dumping buffer pool(s) to C:\Users\admin\Desktop\server-prod\mariadb\data\ib_buffer_pool
2025-10-08 21:44:06 0 [Note] InnoDB: Buffer pool(s) dump completed at 251008 21:44:06
2025-10-08 21:44:06 0 [Note] InnoDB: Removed temporary tablespace data file: "./ibtmp1"
2025-10-08 21:44:06 0 [Note] InnoDB: Shutdown completed; log sequence number 441150; transaction id 323
2025-10-08 21:44:06 0 [Note] Event Scheduler: Purging the queue. 1 events
2025-10-08 21:44:06 0 [Note] .\mariadb\bin\mariadbd.exe: Shutdown complete
2025-10-08 21:58:26 0 [Note] Starting MariaDB 10.11.14-MariaDB source revision 053f9bcb5b147bf00edb99e1310bae9125b7f125 server_uid 1X3+PckL8gKCbLXLJSfmY/JEGss= as process 31264
2025-10-08 21:58:26 0 [Note] InnoDB: Compressed tables use zlib 1.3.1
2025-10-08 21:58:26 0 [Note] InnoDB: Number of transaction pools: 1
2025-10-08 21:58:26 0 [Note] InnoDB: Using crc32 + pclmulqdq instructions
2025-10-08 21:58:26 0 [Note] InnoDB: Using ThreadPool
2025-10-08 21:58:26 0 [Note] InnoDB: innodb_buffer_pool_size_max=128m, innodb_buffer_pool_size=128m
2025-10-08 21:58:26 0 [Note] InnoDB: Completed initialization of buffer pool
2025-10-08 21:58:26 0 [Note] InnoDB: File system buffers for log disabled (block size=4096 bytes)
2025-10-08 21:58:26 0 [Note] InnoDB: End of log at LSN=441150
2025-10-08 21:58:26 0 [Note] InnoDB: 128 rollback segments are active.
2025-10-08 21:58:26 0 [Note] InnoDB: Setting file './ibtmp1' size to 12.000MiB. Physically writing the file full; Please wait ...
2025-10-08 21:58:26 0 [Note] InnoDB: File './ibtmp1' size is now 12.000MiB.
2025-10-08 21:58:26 0 [Note] InnoDB: log sequence number 441150; transaction id 322
2025-10-08 21:58:26 0 [Note] InnoDB: Loading buffer pool(s) from C:\Users\admin\Desktop\server-prod\mariadb\data\ib_buffer_pool
2025-10-08 21:58:26 0 [Note] Plugin 'FEEDBACK' is disabled.
2025-10-08 21:58:26 0 [Note] mariadbd.exe: SSPI: using principal name 'localhost', mech 'Negotiate'
2025-10-08 21:58:26 0 [Note] Server socket created on IP: '::', port: '3306'.
2025-10-08 21:58:26 0 [Note] Server socket created on IP: '0.0.0.0', port: '3306'.
2025-10-08 21:58:26 0 [Note] InnoDB: Buffer pool(s) load completed at 251008 21:58:26
2025-10-08 21:58:26 0 [Note] .\mariadb\bin\mariadbd.exe: ready for connections.
Version: '10.11.14-MariaDB'  socket: ''  port: 3306  mariadb.org binary distribution
2025-10-08 21:58:32 3 [Warning] Aborted connection 3 to db: 'psahired' user: 'psakaldb' host: 'localhost' (Got an error reading communication packets)
2025-10-08 21:58:44 0 [Note] console_event_handler: received CTRL_C_EVENT event, shutting down
2025-10-08 21:58:44 0 [Note] .\mariadb\bin\mariadbd.exe (initiated by: unknown): Normal shutdown
2025-10-08 21:58:44 0 [Note] InnoDB: FTS optimize thread exiting.
2025-10-08 21:58:44 0 [Note] InnoDB: Starting shutdown...
2025-10-08 21:58:44 0 [Note] InnoDB: Dumping buffer pool(s) to C:\Users\admin\Desktop\server-prod\mariadb\data\ib_buffer_pool
2025-10-08 21:58:44 0 [Note] InnoDB: Buffer pool(s) dump completed at 251008 21:58:44
2025-10-08 21:58:44 0 [Note] console_event_handler: received CTRL_C_EVENT event, shutting down
2025-10-08 21:58:44 0 [Note] InnoDB: Removed temporary tablespace data file: "./ibtmp1"
2025-10-08 21:58:44 0 [Note] InnoDB: Shutdown completed; log sequence number 441150; transaction id 323
2025-10-08 21:58:44 0 [Note] Event Scheduler: Purging the queue. 1 events
2025-10-08 21:58:44 0 [Note] .\mariadb\bin\mariadbd.exe: Shutdown complete
2025-10-08 22:08:33 0 [Note] Starting MariaDB 10.11.14-MariaDB source revision 053f9bcb5b147bf00edb99e1310bae9125b7f125 server_uid 1X3+PckL8gKCbLXLJSfmY/JEGss= as process 29368
2025-10-08 22:08:33 0 [Note] InnoDB: Compressed tables use zlib 1.3.1
2025-10-08 22:08:33 0 [Note] InnoDB: Number of transaction pools: 1
2025-10-08 22:08:33 0 [Note] InnoDB: Using crc32 + pclmulqdq instructions
2025-10-08 22:08:33 0 [Note] InnoDB: Using ThreadPool
2025-10-08 22:08:33 0 [Note] InnoDB: innodb_buffer_pool_size_max=128m, innodb_buffer_pool_size=128m
2025-10-08 22:08:33 0 [Note] InnoDB: Completed initialization of buffer pool
2025-10-08 22:08:33 0 [Note] InnoDB: File system buffers for log disabled (block size=4096 bytes)
2025-10-08 22:08:33 0 [Note] InnoDB: End of log at LSN=441150
2025-10-08 22:08:33 0 [Note] InnoDB: 128 rollback segments are active.
2025-10-08 22:08:33 0 [Note] InnoDB: Removed temporary tablespace data file: "./ibtmp1"
2025-10-08 22:08:33 0 [Note] InnoDB: Setting file './ibtmp1' size to 12.000MiB. Physically writing the file full; Please wait ...
2025-10-08 22:08:33 0 [Note] InnoDB: File './ibtmp1' size is now 12.000MiB.
2025-10-08 22:08:33 0 [Note] InnoDB: log sequence number 441150; transaction id 322
2025-10-08 22:08:33 0 [Note] InnoDB: Loading buffer pool(s) from C:\Users\admin\Desktop\server-prod\mariadb\data\ib_buffer_pool
2025-10-08 22:08:33 0 [Note] Plugin 'FEEDBACK' is disabled.
2025-10-08 22:08:33 0 [Note] mariadbd.exe: SSPI: using principal name 'localhost', mech 'Negotiate'
2025-10-08 22:08:33 0 [Note] Server socket created on IP: '::', port: '3306'.
2025-10-08 22:08:33 0 [Note] Server socket created on IP: '0.0.0.0', port: '3306'.
2025-10-08 22:08:33 0 [Note] InnoDB: Buffer pool(s) load completed at 251008 22:08:33
2025-10-08 22:08:33 0 [Note] .\mariadb\bin\mariadbd.exe: ready for connections.
Version: '10.11.14-MariaDB'  socket: ''  port: 3306  mariadb.org binary distribution
2025-10-08 22:08:41 3 [Warning] Aborted connection 3 to db: 'psahired' user: 'psakaldb' host: 'localhost' (Got an error reading communication packets)
2025-10-08 22:09:13 0 [Note] console_event_handler: received CTRL_C_EVENT event, shutting down
2025-10-08 22:09:13 0 [Note] .\mariadb\bin\mariadbd.exe (initiated by: unknown): Normal shutdown
2025-10-08 22:09:13 0 [Note] InnoDB: FTS optimize thread exiting.
2025-10-08 22:09:13 0 [Note] InnoDB: Starting shutdown...
2025-10-08 22:09:13 0 [Note] InnoDB: Dumping buffer pool(s) to C:\Users\admin\Desktop\server-prod\mariadb\data\ib_buffer_pool
2025-10-08 22:09:13 0 [Note] InnoDB: Buffer pool(s) dump completed at 251008 22:09:13
2025-10-08 22:09:13 0 [Note] console_event_handler: received CTRL_C_EVENT event, shutting down
2025-10-08 22:09:13 0 [Note] InnoDB: Removed temporary tablespace data file: "./ibtmp1"
2025-10-08 22:09:13 0 [Note] InnoDB: Shutdown completed; log sequence number 441150; transaction id 323
2025-10-08 22:09:13 0 [Note] Event Scheduler: Purging the queue. 1 events
2025-10-08 22:09:13 0 [Note] .\mariadb\bin\mariadbd.exe: Shutdown complete
2025-10-16 11:16:52 0 [Note] Starting MariaDB 10.11.14-MariaDB source revision 053f9bcb5b147bf00edb99e1310bae9125b7f125 server_uid OpDGRGxqY2e4Ju20yMBXRRxtLl4= as process 5896
2025-10-16 11:16:52 0 [Note] InnoDB: Compressed tables use zlib 1.3.1
2025-10-16 11:16:52 0 [Note] InnoDB: Number of transaction pools: 1
2025-10-16 11:16:52 0 [Note] InnoDB: Using crc32 + pclmulqdq instructions
2025-10-16 11:16:52 0 [Note] InnoDB: Using ThreadPool
2025-10-16 11:16:52 0 [Note] InnoDB: innodb_buffer_pool_size_max=128m, innodb_buffer_pool_size=128m
2025-10-16 11:16:52 0 [Note] InnoDB: Completed initialization of buffer pool
2025-10-16 11:16:52 0 [Note] InnoDB: File system buffers for log disabled (block size=4096 bytes)
2025-10-16 11:16:52 0 [Note] InnoDB: End of log at LSN=548039
2025-10-16 11:16:52 0 [Note] InnoDB: 128 rollback segments are active.
2025-10-16 11:16:52 0 [Note] InnoDB: Setting file './ibtmp1' size to 12.000MiB. Physically writing the file full; Please wait ...
2025-10-16 11:16:52 0 [Note] InnoDB: File './ibtmp1' size is now 12.000MiB.
2025-10-16 11:16:52 0 [Note] InnoDB: log sequence number 548039; transaction id 404
2025-10-16 11:16:52 0 [Note] Plugin 'FEEDBACK' is disabled.
2025-10-16 11:16:52 0 [Note] InnoDB: Loading buffer pool(s) from C:\Users\admin\Desktop\server-prod\mariadb\data\ib_buffer_pool
2025-10-16 11:16:52 0 [Note] mysqld.exe: SSPI: using principal name 'localhost', mech 'Negotiate'
2025-10-16 11:16:52 0 [Note] Server socket created on IP: 'fe80::29:812:6d39:d839%9', port: '3306'.
2025-10-16 11:16:52 0 [Note] Server socket created on IP: '192.168.169.32', port: '3306'.
2025-10-16 11:16:52 0 [Note] InnoDB: Buffer pool(s) load completed at 251016 11:16:52
2025-10-16 11:16:52 0 [Note] mysqld.exe: ready for connections.
Version: '10.11.14-MariaDB'  socket: ''  port: 3306  mariadb.org binary distribution
2025-10-16 11:17:20 0 [Note] console_event_handler: received CTRL_C_EVENT event, shutting down
2025-10-16 11:17:20 0 [Note] mysqld.exe (initiated by: unknown): Normal shutdown
2025-10-16 11:17:20 0 [Note] InnoDB: FTS optimize thread exiting.
2025-10-16 11:17:20 0 [Note] InnoDB: Starting shutdown...
2025-10-16 11:17:20 0 [Note] InnoDB: Dumping buffer pool(s) to C:\Users\admin\Desktop\server-prod\mariadb\data\ib_buffer_pool
2025-10-16 11:17:20 0 [Note] InnoDB: Buffer pool(s) dump completed at 251016 11:17:20
2025-10-16 11:17:20 0 [Note] InnoDB: Removed temporary tablespace data file: "./ibtmp1"
2025-10-16 11:17:20 0 [Note] InnoDB: Shutdown completed; log sequence number 548039; transaction id 405
2025-10-16 11:17:20 0 [Note] Event Scheduler: Purging the queue. 1 events
2025-10-16 11:17:20 0 [Note] mysqld.exe: Shutdown complete
2025-10-16 11:17:24 0 [Note] Starting MariaDB 10.11.14-MariaDB source revision 053f9bcb5b147bf00edb99e1310bae9125b7f125 server_uid OpDGRGxqY2e4Ju20yMBXRRxtLl4= as process 10244
2025-10-16 11:17:24 0 [Note] InnoDB: Compressed tables use zlib 1.3.1
2025-10-16 11:17:24 0 [Note] InnoDB: Number of transaction pools: 1
2025-10-16 11:17:24 0 [Note] InnoDB: Using crc32 + pclmulqdq instructions
2025-10-16 11:17:24 0 [Note] InnoDB: Using ThreadPool
2025-10-16 11:17:24 0 [Note] InnoDB: innodb_buffer_pool_size_max=128m, innodb_buffer_pool_size=128m
2025-10-16 11:17:24 0 [Note] InnoDB: Completed initialization of buffer pool
2025-10-16 11:17:24 0 [Note] InnoDB: File system buffers for log disabled (block size=4096 bytes)
2025-10-16 11:17:24 0 [Note] InnoDB: End of log at LSN=548039
2025-10-16 11:17:24 0 [Note] InnoDB: 128 rollback segments are active.
2025-10-16 11:17:24 0 [Note] InnoDB: Setting file './ibtmp1' size to 12.000MiB. Physically writing the file full; Please wait ...
2025-10-16 11:17:24 0 [Note] InnoDB: File './ibtmp1' size is now 12.000MiB.
2025-10-16 11:17:24 0 [Note] InnoDB: log sequence number 548039; transaction id 404
2025-10-16 11:17:24 0 [Note] InnoDB: Loading buffer pool(s) from C:\Users\admin\Desktop\server-prod\mariadb\data\ib_buffer_pool
2025-10-16 11:17:24 0 [Note] Plugin 'FEEDBACK' is disabled.
2025-10-16 11:17:24 0 [Note] mysqld.exe: SSPI: using principal name 'localhost', mech 'Negotiate'
2025-10-16 11:17:24 0 [Note] Server socket created on IP: 'fe80::29:812:6d39:d839%9', port: '3306'.
2025-10-16 11:17:24 0 [Note] Server socket created on IP: '192.168.169.32', port: '3306'.
2025-10-16 11:17:24 0 [Note] InnoDB: Buffer pool(s) load completed at 251016 11:17:24
2025-10-16 11:17:24 0 [Note] mysqld.exe: ready for connections.
Version: '10.11.14-MariaDB'  socket: ''  port: 3306  mariadb.org binary distribution
2025-10-16 11:18:07 0 [Note] console_event_handler: received CTRL_C_EVENT event, shutting down
2025-10-16 11:18:07 0 [Note] mysqld.exe (initiated by: unknown): Normal shutdown
2025-10-16 11:18:07 0 [Note] InnoDB: FTS optimize thread exiting.
2025-10-16 11:18:07 0 [Note] InnoDB: Starting shutdown...
2025-10-16 11:18:07 0 [Note] InnoDB: Dumping buffer pool(s) to C:\Users\admin\Desktop\server-prod\mariadb\data\ib_buffer_pool
2025-10-16 11:18:07 0 [Note] InnoDB: Buffer pool(s) dump completed at 251016 11:18:07
2025-10-16 11:18:07 0 [Note] InnoDB: Removed temporary tablespace data file: "./ibtmp1"
2025-10-16 11:18:07 0 [Note] InnoDB: Shutdown completed; log sequence number 548039; transaction id 405
2025-10-16 11:18:07 0 [Note] Event Scheduler: Purging the queue. 1 events
2025-10-16 11:18:07 0 [Note] mysqld.exe: Shutdown complete
2025-10-16 11:18:19 0 [Note] Starting MariaDB 10.11.14-MariaDB source revision 053f9bcb5b147bf00edb99e1310bae9125b7f125 server_uid OpDGRGxqY2e4Ju20yMBXRRxtLl4= as process 2148
2025-10-16 11:18:19 0 [Note] InnoDB: Compressed tables use zlib 1.3.1
2025-10-16 11:18:19 0 [Note] InnoDB: Number of transaction pools: 1
2025-10-16 11:18:19 0 [Note] InnoDB: Using crc32 + pclmulqdq instructions
2025-10-16 11:18:19 0 [Note] InnoDB: Using ThreadPool
2025-10-16 11:18:19 0 [Note] InnoDB: innodb_buffer_pool_size_max=128m, innodb_buffer_pool_size=128m
2025-10-16 11:18:19 0 [Note] InnoDB: Completed initialization of buffer pool
2025-10-16 11:18:19 0 [Note] InnoDB: File system buffers for log disabled (block size=4096 bytes)
2025-10-16 11:18:19 0 [Note] InnoDB: End of log at LSN=548039
2025-10-16 11:18:19 0 [Note] InnoDB: 128 rollback segments are active.
2025-10-16 11:18:19 0 [Note] InnoDB: Setting file './ibtmp1' size to 12.000MiB. Physically writing the file full; Please wait ...
2025-10-16 11:18:19 0 [Note] InnoDB: File './ibtmp1' size is now 12.000MiB.
2025-10-16 11:18:19 0 [Note] InnoDB: log sequence number 548039; transaction id 404
2025-10-16 11:18:19 0 [Note] InnoDB: Loading buffer pool(s) from C:\Users\admin\Desktop\server-prod\mariadb\data\ib_buffer_pool
2025-10-16 11:18:19 0 [Note] Plugin 'FEEDBACK' is disabled.
2025-10-16 11:18:19 0 [Note] mysqld.exe: SSPI: using principal name 'localhost', mech 'Negotiate'
2025-10-16 11:18:19 0 [Note] Server socket created on IP: 'fe80::29:812:6d39:d839%9', port: '3306'.
2025-10-16 11:18:19 0 [Note] Server socket created on IP: '192.168.169.32', port: '3306'.
2025-10-16 11:18:19 0 [Note] InnoDB: Buffer pool(s) load completed at 251016 11:18:19
2025-10-16 11:18:19 0 [Note] mysqld.exe: ready for connections.
Version: '10.11.14-MariaDB'  socket: ''  port: 3306  mariadb.org binary distribution
2025-10-16 11:20:02 0 [Note] console_event_handler: received CTRL_C_EVENT event, shutting down
2025-10-16 11:20:02 0 [Note] mysqld.exe (initiated by: unknown): Normal shutdown
2025-10-16 11:20:02 0 [Note] InnoDB: FTS optimize thread exiting.
2025-10-16 11:20:02 0 [Note] InnoDB: Starting shutdown...
2025-10-16 11:20:02 0 [Note] InnoDB: Dumping buffer pool(s) to C:\Users\admin\Desktop\server-prod\mariadb\data\ib_buffer_pool
2025-10-16 11:20:02 0 [Note] InnoDB: Buffer pool(s) dump completed at 251016 11:20:02
2025-10-16 11:20:02 0 [Note] console_event_handler: received CTRL_C_EVENT event, shutting down
2025-10-16 11:20:02 0 [Note] InnoDB: Removed temporary tablespace data file: "./ibtmp1"
2025-10-16 11:20:02 0 [Note] InnoDB: Shutdown completed; log sequence number 548039; transaction id 405
2025-10-16 11:20:02 0 [Note] Event Scheduler: Purging the queue. 1 events
2025-10-16 11:20:02 0 [Note] mysqld.exe: Shutdown complete
2025-10-16 11:21:49 0 [Note] Starting MariaDB 10.11.14-MariaDB source revision 053f9bcb5b147bf00edb99e1310bae9125b7f125 server_uid OpDGRGxqY2e4Ju20yMBXRRxtLl4= as process 17672
2025-10-16 11:21:49 0 [Note] InnoDB: Compressed tables use zlib 1.3.1
2025-10-16 11:21:49 0 [Note] InnoDB: Number of transaction pools: 1
2025-10-16 11:21:49 0 [Note] InnoDB: Using crc32 + pclmulqdq instructions
2025-10-16 11:21:49 0 [Note] InnoDB: Using ThreadPool
2025-10-16 11:21:49 0 [Note] InnoDB: innodb_buffer_pool_size_max=128m, innodb_buffer_pool_size=128m
2025-10-16 11:21:49 0 [Note] InnoDB: Completed initialization of buffer pool
2025-10-16 11:21:49 0 [Note] InnoDB: File system buffers for log disabled (block size=4096 bytes)
2025-10-16 11:21:49 0 [Note] InnoDB: End of log at LSN=548039
2025-10-16 11:21:49 0 [Note] InnoDB: 128 rollback segments are active.
2025-10-16 11:21:49 0 [Note] InnoDB: Setting file './ibtmp1' size to 12.000MiB. Physically writing the file full; Please wait ...
2025-10-16 11:21:49 0 [Note] InnoDB: File './ibtmp1' size is now 12.000MiB.
2025-10-16 11:21:49 0 [Note] InnoDB: log sequence number 548039; transaction id 404
2025-10-16 11:21:49 0 [Note] InnoDB: Loading buffer pool(s) from C:\Users\admin\Desktop\server-prod\mariadb\data\ib_buffer_pool
2025-10-16 11:21:49 0 [Note] Plugin 'FEEDBACK' is disabled.
2025-10-16 11:21:49 0 [Note] mysqld.exe: SSPI: using principal name 'localhost', mech 'Negotiate'
2025-10-16 11:21:49 0 [Note] Server socket created on IP: 'fe80::29:812:6d39:d839%9', port: '3306'.
2025-10-16 11:21:49 0 [Note] Server socket created on IP: '192.168.169.32', port: '3306'.
2025-10-16 11:21:49 0 [Note] InnoDB: Buffer pool(s) load completed at 251016 11:21:49
2025-10-16 11:21:49 0 [Note] mysqld.exe: ready for connections.
Version: '10.11.14-MariaDB'  socket: ''  port: 3306  mariadb.org binary distribution
2025-10-16 11:27:55 0 [Note] console_event_handler: received CTRL_C_EVENT event, shutting down
2025-10-16 11:27:55 0 [Note] mysqld.exe (initiated by: unknown): Normal shutdown
2025-10-16 11:27:55 0 [Note] InnoDB: FTS optimize thread exiting.
2025-10-16 11:27:55 0 [Note] InnoDB: Starting shutdown...
2025-10-16 11:27:55 0 [Note] InnoDB: Dumping buffer pool(s) to C:\Users\admin\Desktop\server-prod\mariadb\data\ib_buffer_pool
2025-10-16 11:27:55 0 [Note] InnoDB: Buffer pool(s) dump completed at 251016 11:27:55
2025-10-16 11:27:55 0 [Note] InnoDB: Removed temporary tablespace data file: "./ibtmp1"
2025-10-16 11:27:55 0 [Note] InnoDB: Shutdown completed; log sequence number 548039; transaction id 405
2025-10-16 11:27:55 0 [Note] Event Scheduler: Purging the queue. 1 events
2025-10-16 11:27:55 0 [Note] mysqld.exe: Shutdown complete
2025-10-16 11:28:13 0 [Note] Starting MariaDB 10.11.14-MariaDB source revision 053f9bcb5b147bf00edb99e1310bae9125b7f125 server_uid OpDGRGxqY2e4Ju20yMBXRRxtLl4= as process 20140
2025-10-16 11:28:13 0 [Note] InnoDB: Compressed tables use zlib 1.3.1
2025-10-16 11:28:13 0 [Note] InnoDB: Number of transaction pools: 1
2025-10-16 11:28:13 0 [Note] InnoDB: Using crc32 + pclmulqdq instructions
2025-10-16 11:28:13 0 [Note] InnoDB: Using ThreadPool
2025-10-16 11:28:13 0 [Note] InnoDB: innodb_buffer_pool_size_max=128m, innodb_buffer_pool_size=128m
2025-10-16 11:28:13 0 [Note] InnoDB: Completed initialization of buffer pool
2025-10-16 11:28:13 0 [Note] InnoDB: File system buffers for log disabled (block size=4096 bytes)
2025-10-16 11:28:13 0 [Note] InnoDB: End of log at LSN=548039
2025-10-16 11:28:13 0 [Note] InnoDB: 128 rollback segments are active.
2025-10-16 11:28:13 0 [Note] InnoDB: Setting file './ibtmp1' size to 12.000MiB. Physically writing the file full; Please wait ...
2025-10-16 11:28:13 0 [Note] InnoDB: File './ibtmp1' size is now 12.000MiB.
2025-10-16 11:28:13 0 [Note] InnoDB: log sequence number 548039; transaction id 404
2025-10-16 11:28:13 0 [Note] InnoDB: Loading buffer pool(s) from C:\Users\admin\Desktop\server-prod\mariadb\data\ib_buffer_pool
2025-10-16 11:28:13 0 [Note] Plugin 'FEEDBACK' is disabled.
2025-10-16 11:28:13 0 [Note] mysqld.exe: SSPI: using principal name 'localhost', mech 'Negotiate'
2025-10-16 11:28:13 0 [Note] Server socket created on IP: '0.0.0.0', port: '3306'.
2025-10-16 11:28:13 0 [Note] InnoDB: Buffer pool(s) load completed at 251016 11:28:13
2025-10-16 11:28:13 0 [Note] mysqld.exe: ready for connections.
Version: '10.11.14-MariaDB'  socket: ''  port: 3306  mariadb.org binary distribution
2025-10-16 11:28:51 0 [Note] console_event_handler: received CTRL_C_EVENT event, shutting down
2025-10-16 11:28:51 0 [Note] mysqld.exe (initiated by: unknown): Normal shutdown
2025-10-16 11:28:51 0 [Note] InnoDB: FTS optimize thread exiting.
2025-10-16 11:28:51 0 [Note] InnoDB: Starting shutdown...
2025-10-16 11:28:51 0 [Note] InnoDB: Dumping buffer pool(s) to C:\Users\admin\Desktop\server-prod\mariadb\data\ib_buffer_pool
2025-10-16 11:28:51 0 [Note] InnoDB: Buffer pool(s) dump completed at 251016 11:28:51
2025-10-16 11:28:51 0 [Note] console_event_handler: received CTRL_C_EVENT event, shutting down
2025-10-16 11:28:51 0 [Note] InnoDB: Removed temporary tablespace data file: "./ibtmp1"
2025-10-16 11:28:51 0 [Note] InnoDB: Shutdown completed; log sequence number 548039; transaction id 405
2025-10-16 11:28:51 0 [Note] Event Scheduler: Purging the queue. 1 events
2025-10-16 11:28:51 0 [Note] mysqld.exe: Shutdown complete
2025-10-16 11:29:04 0 [Note] Starting MariaDB 10.11.14-MariaDB source revision 053f9bcb5b147bf00edb99e1310bae9125b7f125 server_uid OpDGRGxqY2e4Ju20yMBXRRxtLl4= as process 6588
2025-10-16 11:29:04 0 [Note] InnoDB: Compressed tables use zlib 1.3.1
2025-10-16 11:29:04 0 [Note] InnoDB: Number of transaction pools: 1
2025-10-16 11:29:04 0 [Note] InnoDB: Using crc32 + pclmulqdq instructions
2025-10-16 11:29:04 0 [Note] InnoDB: Using ThreadPool
2025-10-16 11:29:04 0 [Note] InnoDB: innodb_buffer_pool_size_max=128m, innodb_buffer_pool_size=128m
2025-10-16 11:29:04 0 [Note] InnoDB: Completed initialization of buffer pool
2025-10-16 11:29:04 0 [Note] InnoDB: File system buffers for log disabled (block size=4096 bytes)
2025-10-16 11:29:04 0 [Note] InnoDB: End of log at LSN=548039
2025-10-16 11:29:04 0 [Note] InnoDB: 128 rollback segments are active.
2025-10-16 11:29:04 0 [Note] InnoDB: Setting file './ibtmp1' size to 12.000MiB. Physically writing the file full; Please wait ...
2025-10-16 11:29:04 0 [Note] InnoDB: File './ibtmp1' size is now 12.000MiB.
2025-10-16 11:29:04 0 [Note] InnoDB: log sequence number 548039; transaction id 404
2025-10-16 11:29:04 0 [Note] InnoDB: Loading buffer pool(s) from C:\Users\admin\Desktop\server-prod\mariadb\data\ib_buffer_pool
2025-10-16 11:29:04 0 [Note] Plugin 'FEEDBACK' is disabled.
2025-10-16 11:29:04 0 [Note] mysqld.exe: SSPI: using principal name 'localhost', mech 'Negotiate'
2025-10-16 11:29:04 0 [Note] Server socket created on IP: '0.0.0.0', port: '3306'.
2025-10-16 11:29:04 0 [Note] InnoDB: Buffer pool(s) load completed at 251016 11:29:04
2025-10-16 11:29:04 0 [Note] mysqld.exe: ready for connections.
Version: '10.11.14-MariaDB'  socket: ''  port: 3306  mariadb.org binary distribution
2025-10-16 13:52:01 4 [Warning] Aborted connection 4 to db: 'psahired' user: 'psakaldb' host: 'localhost' (Got an error reading communication packets)
2025-10-16 13:52:01 6 [Warning] Aborted connection 6 to db: 'psahired' user: 'psakaldb' host: 'localhost' (Got an error reading communication packets)
2025-10-16 13:52:01 5 [Warning] Aborted connection 5 to db: 'psahired' user: 'psakaldb' host: 'localhost' (Got an error reading communication packets)
2025-10-16 13:52:08 0 [Note] console_event_handler: received CTRL_C_EVENT event, shutting down
2025-10-16 13:52:08 0 [Note] mysqld.exe (initiated by: unknown): Normal shutdown
2025-10-16 13:52:08 0 [Note] InnoDB: FTS optimize thread exiting.
2025-10-16 13:52:08 0 [Note] InnoDB: Starting shutdown...
2025-10-16 13:52:08 0 [Note] InnoDB: Dumping buffer pool(s) to C:\Users\admin\Desktop\server-prod\mariadb\data\ib_buffer_pool
2025-10-16 13:52:08 0 [Note] InnoDB: Buffer pool(s) dump completed at 251016 13:52:08
2025-10-16 13:52:08 0 [Note] console_event_handler: received CTRL_C_EVENT event, shutting down
2025-10-16 13:52:08 0 [Note] InnoDB: Removed temporary tablespace data file: "./ibtmp1"
2025-10-16 13:52:08 0 [Note] InnoDB: Shutdown completed; log sequence number 697312; transaction id 519
2025-10-16 13:52:08 0 [Note] Event Scheduler: Purging the queue. 1 events
2025-10-16 13:52:08 0 [Note] mysqld.exe: Shutdown complete
2025-10-16 14:19:02 0 [Note] Starting MariaDB 10.11.14-MariaDB source revision 053f9bcb5b147bf00edb99e1310bae9125b7f125 server_uid OpDGRGxqY2e4Ju20yMBXRRxtLl4= as process 20136
2025-10-16 14:19:02 0 [Note] InnoDB: Compressed tables use zlib 1.3.1
2025-10-16 14:19:02 0 [Note] InnoDB: Number of transaction pools: 1
2025-10-16 14:19:02 0 [Note] InnoDB: Using crc32 + pclmulqdq instructions
2025-10-16 14:19:02 0 [Note] InnoDB: Using ThreadPool
2025-10-16 14:19:02 0 [Note] InnoDB: innodb_buffer_pool_size_max=128m, innodb_buffer_pool_size=128m
2025-10-16 14:19:02 0 [Note] InnoDB: Completed initialization of buffer pool
2025-10-16 14:19:02 0 [Note] InnoDB: File system buffers for log disabled (block size=4096 bytes)
2025-10-16 14:19:02 0 [Note] InnoDB: End of log at LSN=697312
2025-10-16 14:19:02 0 [Note] InnoDB: 128 rollback segments are active.
2025-10-16 14:19:02 0 [Note] InnoDB: Setting file './ibtmp1' size to 12.000MiB. Physically writing the file full; Please wait ...
2025-10-16 14:19:02 0 [Note] InnoDB: File './ibtmp1' size is now 12.000MiB.
2025-10-16 14:19:02 0 [Note] InnoDB: log sequence number 697312; transaction id 520
2025-10-16 14:19:02 0 [Note] Plugin 'FEEDBACK' is disabled.
2025-10-16 14:19:02 0 [Note] InnoDB: Loading buffer pool(s) from C:\Users\admin\Desktop\server-prod\mariadb\data\ib_buffer_pool
2025-10-16 14:19:02 0 [Note] mysqld.exe: SSPI: using principal name 'localhost', mech 'Negotiate'
2025-10-16 14:19:02 0 [Note] Server socket created on IP: '0.0.0.0', port: '3306'.
2025-10-16 14:19:02 0 [ERROR] Can't start server: Bind on TCP/IP port. Got error: 10048: Only one usage of each socket address (protocol/network address/port) is normally permitted.

2025-10-16 14:19:02 0 [ERROR] Do you already have another server running on port: 3306 ?
2025-10-16 14:19:02 0 [ERROR] Aborting
2025-10-16 14:19:05 0 [Note] Starting MariaDB 10.11.14-MariaDB source revision 053f9bcb5b147bf00edb99e1310bae9125b7f125 server_uid OpDGRGxqY2e4Ju20yMBXRRxtLl4= as process 19604
2025-10-16 14:19:05 0 [Note] InnoDB: Compressed tables use zlib 1.3.1
2025-10-16 14:19:05 0 [Note] InnoDB: Number of transaction pools: 1
2025-10-16 14:19:05 0 [Note] InnoDB: Using crc32 + pclmulqdq instructions
2025-10-16 14:19:05 0 [Note] InnoDB: Using ThreadPool
2025-10-16 14:19:05 0 [Note] InnoDB: innodb_buffer_pool_size_max=128m, innodb_buffer_pool_size=128m
2025-10-16 14:19:05 0 [Note] InnoDB: Completed initialization of buffer pool
2025-10-16 14:19:05 0 [Note] InnoDB: File system buffers for log disabled (block size=4096 bytes)
2025-10-16 14:19:05 0 [Note] InnoDB: End of log at LSN=697312
2025-10-16 14:19:05 0 [Note] InnoDB: 128 rollback segments are active.
2025-10-16 14:19:05 0 [Note] InnoDB: Setting file './ibtmp1' size to 12.000MiB. Physically writing the file full; Please wait ...
2025-10-16 14:19:05 0 [Note] InnoDB: File './ibtmp1' size is now 12.000MiB.
2025-10-16 14:19:05 0 [Note] InnoDB: log sequence number 697312; transaction id 520
2025-10-16 14:19:05 0 [Note] Plugin 'FEEDBACK' is disabled.
2025-10-16 14:19:05 0 [Note] InnoDB: Loading buffer pool(s) from C:\Users\admin\Desktop\server-prod\mariadb\data\ib_buffer_pool
2025-10-16 14:19:05 0 [Note] mysqld.exe: SSPI: using principal name 'localhost', mech 'Negotiate'
2025-10-16 14:19:05 0 [Note] Server socket created on IP: '0.0.0.0', port: '3306'.
2025-10-16 14:19:05 0 [ERROR] Can't start server: Bind on TCP/IP port. Got error: 10048: Only one usage of each socket address (protocol/network address/port) is normally permitted.

2025-10-16 14:19:05 0 [ERROR] Do you already have another server running on port: 3306 ?
2025-10-16 14:19:05 0 [ERROR] Aborting
2025-10-16 14:19:28 0 [Note] Starting MariaDB 10.11.14-MariaDB source revision 053f9bcb5b147bf00edb99e1310bae9125b7f125 server_uid OpDGRGxqY2e4Ju20yMBXRRxtLl4= as process 19592
2025-10-16 14:19:28 0 [Note] InnoDB: Compressed tables use zlib 1.3.1
2025-10-16 14:19:28 0 [Note] InnoDB: Number of transaction pools: 1
2025-10-16 14:19:28 0 [Note] InnoDB: Using crc32 + pclmulqdq instructions
2025-10-16 14:19:28 0 [Note] InnoDB: Using ThreadPool
2025-10-16 14:19:28 0 [Note] InnoDB: innodb_buffer_pool_size_max=128m, innodb_buffer_pool_size=128m
2025-10-16 14:19:28 0 [Note] InnoDB: Completed initialization of buffer pool
2025-10-16 14:19:28 0 [Note] InnoDB: File system buffers for log disabled (block size=4096 bytes)
2025-10-16 14:19:28 0 [Note] InnoDB: End of log at LSN=697312
2025-10-16 14:19:28 0 [Note] InnoDB: 128 rollback segments are active.
2025-10-16 14:19:28 0 [Note] InnoDB: Setting file './ibtmp1' size to 12.000MiB. Physically writing the file full; Please wait ...
2025-10-16 14:19:28 0 [Note] InnoDB: File './ibtmp1' size is now 12.000MiB.
2025-10-16 14:19:28 0 [Note] InnoDB: log sequence number 697312; transaction id 520
2025-10-16 14:19:28 0 [Note] Plugin 'FEEDBACK' is disabled.
2025-10-16 14:19:28 0 [Note] InnoDB: Loading buffer pool(s) from C:\Users\admin\Desktop\server-prod\mariadb\data\ib_buffer_pool
2025-10-16 14:19:28 0 [Note] mysqld.exe: SSPI: using principal name 'localhost', mech 'Negotiate'
2025-10-16 14:19:28 0 [Note] Server socket created on IP: '0.0.0.0', port: '3306'.
2025-10-16 14:19:28 0 [Note] InnoDB: Buffer pool(s) load completed at 251016 14:19:28
2025-10-16 14:19:28 0 [Note] mysqld.exe: ready for connections.
Version: '10.11.14-MariaDB'  socket: ''  port: 3306  mariadb.org binary distribution
2025-10-16 14:22:11 5 [Warning] Aborted connection 5 to db: 'psahired' user: 'psakaldb' host: 'localhost' (Got an error reading communication packets)
2025-10-16 14:22:11 4 [Warning] Aborted connection 4 to db: 'psahired' user: 'psakaldb' host: 'localhost' (Got an error reading communication packets)
2025-10-16 14:22:11 3 [Warning] Aborted connection 3 to db: 'psahired' user: 'psakaldb' host: 'localhost' (Got an error reading communication packets)
2025-10-16 14:23:29 0 [Note] console_event_handler: received CTRL_C_EVENT event, shutting down
2025-10-16 14:23:29 0 [Note] mysqld.exe (initiated by: unknown): Normal shutdown
2025-10-16 14:23:29 0 [Note] InnoDB: FTS optimize thread exiting.
2025-10-16 14:23:29 0 [Note] InnoDB: Starting shutdown...
2025-10-16 14:23:29 0 [Note] InnoDB: Dumping buffer pool(s) to C:\Users\admin\Desktop\server-prod\mariadb\data\ib_buffer_pool
2025-10-16 14:23:29 0 [Note] InnoDB: Buffer pool(s) dump completed at 251016 14:23:29
2025-10-16 14:23:29 0 [Note] InnoDB: Removed temporary tablespace data file: "./ibtmp1"
2025-10-16 14:23:29 0 [Note] InnoDB: Shutdown completed; log sequence number 1091960; transaction id 787
2025-10-16 14:23:29 0 [Note] Event Scheduler: Purging the queue. 1 events
2025-10-16 14:23:29 0 [Note] mysqld.exe: Shutdown complete
2025-10-16 14:39:49 0 [Note] Starting MariaDB 10.11.14-MariaDB source revision 053f9bcb5b147bf00edb99e1310bae9125b7f125 server_uid OpDGRGxqY2e4Ju20yMBXRRxtLl4= as process 21376
2025-10-16 14:39:49 0 [Note] InnoDB: Compressed tables use zlib 1.3.1
2025-10-16 14:39:49 0 [Note] InnoDB: Number of transaction pools: 1
2025-10-16 14:39:49 0 [Note] InnoDB: Using crc32 + pclmulqdq instructions
2025-10-16 14:39:49 0 [Note] InnoDB: Using ThreadPool
2025-10-16 14:39:49 0 [Note] InnoDB: innodb_buffer_pool_size_max=128m, innodb_buffer_pool_size=128m
2025-10-16 14:39:49 0 [Note] InnoDB: Completed initialization of buffer pool
2025-10-16 14:39:49 0 [Note] InnoDB: File system buffers for log disabled (block size=4096 bytes)
2025-10-16 14:39:49 0 [Note] InnoDB: End of log at LSN=1091960
2025-10-16 14:39:49 0 [Note] InnoDB: 128 rollback segments are active.
2025-10-16 14:39:49 0 [Note] InnoDB: Setting file './ibtmp1' size to 12.000MiB. Physically writing the file full; Please wait ...
2025-10-16 14:39:49 0 [Note] InnoDB: File './ibtmp1' size is now 12.000MiB.
2025-10-16 14:39:49 0 [Note] InnoDB: log sequence number 1091960; transaction id 788
2025-10-16 14:39:49 0 [Note] Plugin 'FEEDBACK' is disabled.
2025-10-16 14:39:49 0 [Note] InnoDB: Loading buffer pool(s) from C:\Users\admin\Desktop\server-prod\mariadb\data\ib_buffer_pool
2025-10-16 14:39:49 0 [Note] mysqld.exe: SSPI: using principal name 'localhost', mech 'Negotiate'
2025-10-16 14:39:49 0 [Note] Server socket created on IP: '0.0.0.0', port: '3306'.
2025-10-16 14:39:49 0 [ERROR] Can't start server: Bind on TCP/IP port. Got error: 10048: Only one usage of each socket address (protocol/network address/port) is normally permitted.

2025-10-16 14:39:49 0 [ERROR] Do you already have another server running on port: 3306 ?
2025-10-16 14:39:49 0 [ERROR] Aborting
2025-10-16 14:40:12 0 [Note] Starting MariaDB 10.11.14-MariaDB source revision 053f9bcb5b147bf00edb99e1310bae9125b7f125 server_uid OpDGRGxqY2e4Ju20yMBXRRxtLl4= as process 20904
2025-10-16 14:40:12 0 [Note] InnoDB: Compressed tables use zlib 1.3.1
2025-10-16 14:40:12 0 [Note] InnoDB: Number of transaction pools: 1
2025-10-16 14:40:12 0 [Note] InnoDB: Using crc32 + pclmulqdq instructions
2025-10-16 14:40:12 0 [Note] InnoDB: Using ThreadPool
2025-10-16 14:40:12 0 [Note] InnoDB: innodb_buffer_pool_size_max=128m, innodb_buffer_pool_size=128m
2025-10-16 14:40:12 0 [Note] InnoDB: Completed initialization of buffer pool
2025-10-16 14:40:12 0 [Note] InnoDB: File system buffers for log disabled (block size=4096 bytes)
2025-10-16 14:40:12 0 [Note] InnoDB: End of log at LSN=1091960
2025-10-16 14:40:12 0 [Note] InnoDB: 128 rollback segments are active.
2025-10-16 14:40:12 0 [Note] InnoDB: Setting file './ibtmp1' size to 12.000MiB. Physically writing the file full; Please wait ...
2025-10-16 14:40:12 0 [Note] InnoDB: File './ibtmp1' size is now 12.000MiB.
2025-10-16 14:40:12 0 [Note] InnoDB: log sequence number 1091960; transaction id 788
2025-10-16 14:40:12 0 [Note] Plugin 'FEEDBACK' is disabled.
2025-10-16 14:40:12 0 [Note] InnoDB: Loading buffer pool(s) from C:\Users\admin\Desktop\server-prod\mariadb\data\ib_buffer_pool
2025-10-16 14:40:12 0 [Note] mysqld.exe: SSPI: using principal name 'localhost', mech 'Negotiate'
2025-10-16 14:40:12 0 [Note] Server socket created on IP: '0.0.0.0', port: '3306'.
2025-10-16 14:40:12 0 [Note] InnoDB: Buffer pool(s) load completed at 251016 14:40:12
2025-10-16 14:40:12 0 [Note] mysqld.exe: ready for connections.
Version: '10.11.14-MariaDB'  socket: ''  port: 3306  mariadb.org binary distribution
2025-10-16 14:50:19 0 [Note] console_event_handler: received CTRL_C_EVENT event, shutting down
2025-10-16 14:50:19 0 [Note] mysqld.exe (initiated by: unknown): Normal shutdown
2025-10-16 14:50:19 0 [Note] InnoDB: FTS optimize thread exiting.
2025-10-16 14:50:19 0 [Note] InnoDB: Starting shutdown...
2025-10-16 14:50:19 0 [Note] InnoDB: Dumping buffer pool(s) to C:\Users\admin\Desktop\server-prod\mariadb\data\ib_buffer_pool
2025-10-16 14:50:19 0 [Note] InnoDB: Buffer pool(s) dump completed at 251016 14:50:19
2025-10-16 14:50:19 0 [Note] InnoDB: Removed temporary tablespace data file: "./ibtmp1"
2025-10-16 14:50:19 0 [Note] InnoDB: Shutdown completed; log sequence number 1101211; transaction id 809
2025-10-16 14:50:19 0 [Note] Event Scheduler: Purging the queue. 1 events
2025-10-16 14:50:19 0 [Note] mysqld.exe: Shutdown complete
2025-10-16 14:53:44 0 [Note] Starting MariaDB 10.11.14-MariaDB source revision 053f9bcb5b147bf00edb99e1310bae9125b7f125 server_uid OpDGRGxqY2e4Ju20yMBXRRxtLl4= as process 9592
2025-10-16 14:53:44 0 [Note] InnoDB: Compressed tables use zlib 1.3.1
2025-10-16 14:53:44 0 [Note] InnoDB: Number of transaction pools: 1
2025-10-16 14:53:44 0 [Note] InnoDB: Using crc32 + pclmulqdq instructions
2025-10-16 14:53:44 0 [Note] InnoDB: Using ThreadPool
2025-10-16 14:53:44 0 [Note] InnoDB: innodb_buffer_pool_size_max=128m, innodb_buffer_pool_size=128m
2025-10-16 14:53:44 0 [Note] InnoDB: Completed initialization of buffer pool
2025-10-16 14:53:44 0 [Note] InnoDB: File system buffers for log disabled (block size=4096 bytes)
2025-10-16 14:53:44 0 [Note] InnoDB: End of log at LSN=1101211
2025-10-16 14:53:44 0 [Note] InnoDB: 128 rollback segments are active.
2025-10-16 14:53:44 0 [Note] InnoDB: Setting file './ibtmp1' size to 12.000MiB. Physically writing the file full; Please wait ...
2025-10-16 14:53:44 0 [Note] InnoDB: File './ibtmp1' size is now 12.000MiB.
2025-10-16 14:53:44 0 [Note] InnoDB: log sequence number 1101211; transaction id 810
2025-10-16 14:53:44 0 [Note] InnoDB: Loading buffer pool(s) from C:\Users\admin\Desktop\server-prod\mariadb\data\ib_buffer_pool
2025-10-16 14:53:44 0 [Note] Plugin 'FEEDBACK' is disabled.
2025-10-16 14:53:44 0 [Note] mysqld.exe: SSPI: using principal name 'localhost', mech 'Negotiate'
2025-10-16 14:53:44 0 [Note] Server socket created on IP: '0.0.0.0', port: '3306'.
2025-10-16 14:53:44 0 [Note] InnoDB: Buffer pool(s) load completed at 251016 14:53:44
2025-10-16 14:53:44 0 [Note] mysqld.exe: ready for connections.
Version: '10.11.14-MariaDB'  socket: ''  port: 3306  mariadb.org binary distribution
2025-10-16 14:54:13 0 [Note] console_event_handler: received CTRL_C_EVENT event, shutting down
2025-10-16 14:54:13 0 [Note] mysqld.exe (initiated by: unknown): Normal shutdown
2025-10-16 14:54:13 0 [Note] InnoDB: FTS optimize thread exiting.
2025-10-16 14:54:13 0 [Note] InnoDB: Starting shutdown...
2025-10-16 14:54:13 0 [Note] InnoDB: Dumping buffer pool(s) to C:\Users\admin\Desktop\server-prod\mariadb\data\ib_buffer_pool
2025-10-16 14:54:13 0 [Note] InnoDB: Buffer pool(s) dump completed at 251016 14:54:13
2025-10-16 14:54:13 0 [Note] InnoDB: Removed temporary tablespace data file: "./ibtmp1"
2025-10-16 14:54:13 0 [Note] InnoDB: Shutdown completed; log sequence number 1101211; transaction id 822
2025-10-16 14:54:13 0 [Note] Event Scheduler: Purging the queue. 1 events
2025-10-16 14:54:13 0 [Note] mysqld.exe: Shutdown complete
2025-10-16 14:58:23 0 [Note] Starting MariaDB 10.4.32-MariaDB source revision c4143f909528e3fab0677a28631d10389354c491 as process 20912
2025-10-16 14:58:23 0 [Note] InnoDB: Mutexes and rw_locks use Windows interlocked functions
2025-10-16 14:58:23 0 [Note] InnoDB: Uses event mutexes
2025-10-16 14:58:23 0 [Note] InnoDB: Compressed tables use zlib 1.3
2025-10-16 14:58:23 0 [Note] InnoDB: Number of pools: 1
2025-10-16 14:58:23 0 [Note] InnoDB: Using SSE2 crc32 instructions
2025-10-16 14:58:23 0 [Note] InnoDB: Initializing buffer pool, total size = 128M, instances = 1, chunk size = 128M
2025-10-16 14:58:23 0 [Note] InnoDB: Completed initialization of buffer pool
2025-10-16 14:58:23 0 [ERROR] InnoDB: Unsupported redo log format. The redo log was created with MariaDB 10.11.14.
2025-10-16 14:58:23 0 [ERROR] InnoDB: Plugin initialization aborted with error Generic error
2025-10-16 14:58:23 0 [Note] InnoDB: Starting shutdown...
2025-10-16 14:58:23 0 [ERROR] Plugin 'InnoDB' registration as a STORAGE ENGINE failed.
2025-10-16 14:58:23 0 [Note] Plugin 'FEEDBACK' is disabled.
2025-10-16 14:58:23 0 [ERROR] Unknown/unsupported storage engine: InnoDB
2025-10-16 14:58:23 0 [ERROR] Aborting
2025-10-16 14:59:24 0 [Note] Starting MariaDB 10.4.32-MariaDB source revision c4143f909528e3fab0677a28631d10389354c491 as process 19948
2025-10-16 14:59:24 0 [Note] InnoDB: Mutexes and rw_locks use Windows interlocked functions
2025-10-16 14:59:24 0 [Note] InnoDB: Uses event mutexes
2025-10-16 14:59:24 0 [Note] InnoDB: Compressed tables use zlib 1.3
2025-10-16 14:59:24 0 [Note] InnoDB: Number of pools: 1
2025-10-16 14:59:24 0 [Note] InnoDB: Using SSE2 crc32 instructions
2025-10-16 14:59:24 0 [Note] InnoDB: Initializing buffer pool, total size = 128M, instances = 1, chunk size = 128M
2025-10-16 14:59:24 0 [Note] InnoDB: Completed initialization of buffer pool
2025-10-16 14:59:24 0 [ERROR] InnoDB: Unsupported redo log format. The redo log was created with MariaDB 10.11.14.
2025-10-16 14:59:24 0 [ERROR] InnoDB: Plugin initialization aborted with error Generic error
2025-10-16 14:59:24 0 [Note] InnoDB: Starting shutdown...
2025-10-16 14:59:24 0 [ERROR] Plugin 'InnoDB' registration as a STORAGE ENGINE failed.
2025-10-16 14:59:24 0 [Note] Plugin 'FEEDBACK' is disabled.
2025-10-16 14:59:24 0 [ERROR] Unknown/unsupported storage engine: InnoDB
2025-10-16 14:59:24 0 [ERROR] Aborting
2025-10-16 14:59:30 0 [Note] Starting MariaDB 10.4.32-MariaDB source revision c4143f909528e3fab0677a28631d10389354c491 as process 19592
2025-10-16 14:59:30 0 [Note] InnoDB: Mutexes and rw_locks use Windows interlocked functions
2025-10-16 14:59:30 0 [Note] InnoDB: Uses event mutexes
2025-10-16 14:59:30 0 [Note] InnoDB: Compressed tables use zlib 1.3
2025-10-16 14:59:30 0 [Note] InnoDB: Number of pools: 1
2025-10-16 14:59:30 0 [Note] InnoDB: Using SSE2 crc32 instructions
2025-10-16 14:59:30 0 [Note] InnoDB: Initializing buffer pool, total size = 128M, instances = 1, chunk size = 128M
2025-10-16 14:59:30 0 [Note] InnoDB: Completed initialization of buffer pool
2025-10-16 14:59:30 0 [ERROR] InnoDB: Unsupported redo log format. The redo log was created with MariaDB 10.11.14.
2025-10-16 14:59:30 0 [ERROR] InnoDB: Plugin initialization aborted with error Generic error
2025-10-16 14:59:31 0 [Note] InnoDB: Starting shutdown...
2025-10-16 14:59:31 0 [ERROR] Plugin 'InnoDB' registration as a STORAGE ENGINE failed.
2025-10-16 14:59:31 0 [Note] Plugin 'FEEDBACK' is disabled.
2025-10-16 14:59:31 0 [ERROR] Unknown/unsupported storage engine: InnoDB
2025-10-16 14:59:31 0 [ERROR] Aborting
2025-10-16 14:59:51 0 [Note] Starting MariaDB 10.4.32-MariaDB source revision c4143f909528e3fab0677a28631d10389354c491 as process 1800
2025-10-16 14:59:51 0 [Note] InnoDB: Mutexes and rw_locks use Windows interlocked functions
2025-10-16 14:59:51 0 [Note] InnoDB: Uses event mutexes
2025-10-16 14:59:51 0 [Note] InnoDB: Compressed tables use zlib 1.3
2025-10-16 14:59:51 0 [Note] InnoDB: Number of pools: 1
2025-10-16 14:59:51 0 [Note] InnoDB: Using SSE2 crc32 instructions
2025-10-16 14:59:51 0 [Note] InnoDB: Initializing buffer pool, total size = 128M, instances = 1, chunk size = 128M
2025-10-16 14:59:51 0 [Note] InnoDB: Completed initialization of buffer pool
2025-10-16 14:59:51 0 [ERROR] InnoDB: Unsupported redo log format. The redo log was created with MariaDB 10.11.14.
2025-10-16 14:59:51 0 [ERROR] InnoDB: Plugin initialization aborted with error Generic error
2025-10-16 14:59:52 0 [Note] InnoDB: Starting shutdown...
2025-10-16 14:59:52 0 [ERROR] Plugin 'InnoDB' registration as a STORAGE ENGINE failed.
2025-10-16 14:59:52 0 [Note] Plugin 'FEEDBACK' is disabled.
2025-10-16 14:59:52 0 [ERROR] Unknown/unsupported storage engine: InnoDB
2025-10-16 14:59:52 0 [ERROR] Aborting
2025-10-16 15:00:07 0 [Note] Starting MariaDB 10.11.14-MariaDB source revision 053f9bcb5b147bf00edb99e1310bae9125b7f125 server_uid OpDGRGxqY2e4Ju20yMBXRRxtLl4= as process 11488
2025-10-16 15:00:07 0 [Note] InnoDB: Compressed tables use zlib 1.3.1
2025-10-16 15:00:07 0 [Note] InnoDB: Number of transaction pools: 1
2025-10-16 15:00:07 0 [Note] InnoDB: Using crc32 + pclmulqdq instructions
2025-10-16 15:00:07 0 [Note] InnoDB: Using ThreadPool
2025-10-16 15:00:07 0 [Note] InnoDB: innodb_buffer_pool_size_max=128m, innodb_buffer_pool_size=128m
2025-10-16 15:00:07 0 [Note] InnoDB: Completed initialization of buffer pool
2025-10-16 15:00:07 0 [Note] InnoDB: File system buffers for log disabled (block size=4096 bytes)
2025-10-16 15:00:07 0 [Note] InnoDB: End of log at LSN=1101211
2025-10-16 15:00:07 0 [Note] InnoDB: 128 rollback segments are active.
2025-10-16 15:00:07 0 [Note] InnoDB: Setting file './ibtmp1' size to 12.000MiB. Physically writing the file full; Please wait ...
2025-10-16 15:00:07 0 [Note] InnoDB: File './ibtmp1' size is now 12.000MiB.
2025-10-16 15:00:07 0 [Note] InnoDB: log sequence number 1101211; transaction id 810
2025-10-16 15:00:07 0 [Note] InnoDB: Loading buffer pool(s) from C:\Users\admin\Desktop\server-prod\mariadb\data\ib_buffer_pool
2025-10-16 15:00:07 0 [Note] Plugin 'FEEDBACK' is disabled.
2025-10-16 15:00:07 0 [Note] mysqld.exe: SSPI: using principal name 'localhost', mech 'Negotiate'
2025-10-16 15:00:07 0 [Note] Server socket created on IP: '0.0.0.0', port: '3306'.
2025-10-16 15:00:07 0 [Note] InnoDB: Buffer pool(s) load completed at 251016 15:00:07
2025-10-16 15:00:07 0 [Note] mysqld.exe: ready for connections.
Version: '10.11.14-MariaDB'  socket: ''  port: 3306  mariadb.org binary distribution
2025-10-16 15:09:12 5 [Warning] Access denied for user 'root'@'localhost' (using password: NO)
2025-10-16 15:09:26 6 [Warning] Access denied for user 'root'@'localhost' (using password: YES)
2025-10-16 15:10:10 8 [Warning] Access denied for user 'root'@'localhost' (using password: YES)
2025-10-16 15:21:16 0 [Note] console_event_handler: received CTRL_C_EVENT event, shutting down
2025-10-16 15:21:16 0 [Note] mysqld.exe (initiated by: unknown): Normal shutdown
2025-10-16 15:21:16 0 [Note] InnoDB: FTS optimize thread exiting.
2025-10-16 15:21:16 0 [Note] InnoDB: Starting shutdown...
2025-10-16 15:21:16 0 [Note] InnoDB: Dumping buffer pool(s) to C:\Users\admin\Desktop\server-prod\mariadb\data\ib_buffer_pool
2025-10-16 15:21:16 0 [Note] InnoDB: Buffer pool(s) dump completed at 251016 15:21:16
2025-10-16 15:21:16 0 [Note] InnoDB: Removed temporary tablespace data file: "./ibtmp1"
2025-10-16 15:21:16 0 [Note] InnoDB: Shutdown completed; log sequence number 1101211; transaction id 822
2025-10-16 15:21:16 0 [Note] Event Scheduler: Purging the queue. 1 events
2025-10-16 15:21:16 0 [Note] mysqld.exe: Shutdown complete
